marked_duplicates_ERR2299966	marked_duplicates_ERR2299966.g.vcf.gz
marked_duplicates_ERR2299967	marked_duplicates_ERR2299967.g.vcf.gz
marked_duplicates_ERR2299968	marked_duplicates_ERR2299968.g.vcf.gz
marked_duplicates_ERR2299969	marked_duplicates_ERR2299969.g.vcf.gz
marked_duplicates_ERR2299970	marked_duplicates_ERR2299970.g.vcf.gz
marked_duplicates_ERR2299971	marked_duplicates_ERR2299971.g.vcf.gz
marked_duplicates_ERR2299972	marked_duplicates_ERR2299972.g.vcf.gz
marked_duplicates_ERR2299973	marked_duplicates_ERR2299973.g.vcf.gz
marked_duplicates_ERR2299974	marked_duplicates_ERR2299974.g.vcf.gz
marked_duplicates_ERR2299975	marked_duplicates_ERR2299975.g.vcf.gz
marked_duplicates_ERR2299976	marked_duplicates_ERR2299976.g.vcf.gz
marked_duplicates_ERR2299977	marked_duplicates_ERR2299977.g.vcf.gz
marked_duplicates_ERR2299978	marked_duplicates_ERR2299978.g.vcf.gz
marked_duplicates_ERR2299979	marked_duplicates_ERR2299979.g.vcf.gz
marked_duplicates_ERR2299980	marked_duplicates_ERR2299980.g.vcf.gz
marked_duplicates_ERR2299981	marked_duplicates_ERR2299981.g.vcf.gz
marked_duplicates_ERR2299982	marked_duplicates_ERR2299982.g.vcf.gz
marked_duplicates_ERR2299983	marked_duplicates_ERR2299983.g.vcf.gz
marked_duplicates_ERR2299984	marked_duplicates_ERR2299984.g.vcf.gz
marked_duplicates_ERR2299985	marked_duplicates_ERR2299985.g.vcf.gz
marked_duplicates_ERR2299986	marked_duplicates_ERR2299986.g.vcf.gz
marked_duplicates_ERR2299987	marked_duplicates_ERR2299987.g.vcf.gz
marked_duplicates_ERR2299988	marked_duplicates_ERR2299988.g.vcf.gz
marked_duplicates_ERR2300252	marked_duplicates_ERR2300252.g.vcf.gz
marked_duplicates_ERR2300253	marked_duplicates_ERR2300253.g.vcf.gz
marked_duplicates_ERR2300254	marked_duplicates_ERR2300254.g.vcf.gz
